{
  "Metadata": {
    "Author": "",
    "AuthorLinkURL": "",
    "BoundsMaxLat": null,
    "BoundsMaxLon": null,
    "BoundsMinLat": null,
    "BoundsMinLon": null,
    "Description": "",
    "EndLat": null,
    "EndLon": null,
    "LinkURL": "connect.garmin.com",
    "MaxElevationM": null,
    "MinElevationM": null,
    "Name": "lägern",
    "OriginalCreatedAt": "2026-03-04T01:49:01Z",
    "Source": "Garmin Connect",
    "Sport": 0,
    "StartLat": null,
    "StartLon": null,
    "SubSport": 0,
    "TotalAscentM": 0,
    "TotalDistanceM": 0,
    "TrackType": 1
  },
  "PointCount": 347
}